Symbol range map extraction starting
Processing 153 files
processing speedytools/SpeedyToolsMod.java
processing speedytools/clientside/ClientEventHandler.java
processing speedytools/clientside/ClientSide.java
processing speedytools/clientside/ClientTickHandler.java
processing speedytools/clientside/CombinedClientProxy.java
processing speedytools/clientside/SpeedyToolsOptionsClient.java
processing speedytools/clientside/UndoManagerClient.java
processing speedytools/clientside/gui/SpeedyToolsConfigEventHandler.java
processing speedytools/clientside/gui/SpeedyToolsConfigGui.java
processing speedytools/clientside/gui/SpeedyToolsGuiFactory.java
processing speedytools/clientside/network/CloneToolsNetworkClient.java
processing speedytools/clientside/network/PacketHandlerRegistryClient.java
processing speedytools/clientside/network/PacketSenderClient.java
processing speedytools/clientside/rendering/ItemEventHandler.java
processing speedytools/clientside/rendering/RenderCursorStatus.java
processing speedytools/clientside/rendering/RenderEventHandlers.java
processing speedytools/clientside/rendering/RenderGameOverlayCrosshairsEvent.java
processing speedytools/clientside/rendering/RenderGameOverlayHotbarEvent.java
processing speedytools/clientside/rendering/RendererBoundaryField.java
processing speedytools/clientside/rendering/RendererElement.java
processing speedytools/clientside/rendering/RendererHotbarCurrentItem.java
processing speedytools/clientside/rendering/RendererInventoryItemInfinite.java
processing speedytools/clientside/rendering/RendererSolidSelection.java
processing speedytools/clientside/rendering/RendererStatusMessage.java
processing speedytools/clientside/rendering/RendererWireframeSelection.java
processing speedytools/clientside/rendering/SelectionBoxRenderer.java
processing speedytools/clientside/rendering/SpeedyToolRenderers.java
processing speedytools/clientside/selections/BlockMultiSelector.java
processing speedytools/clientside/selections/BlockVoxelMultiSelectorRenderer.java
processing speedytools/clientside/selections/ClientVoxelSelection.java
processing speedytools/clientside/selections/SelectionBlockTextures.java
processing speedytools/clientside/sound/SoundController.java
processing speedytools/clientside/sound/SoundEffectBoundaryHum.java
processing speedytools/clientside/sound/SoundEffectComplexSelectionGeneration.java
processing speedytools/clientside/sound/SoundEffectComplexTool.java
processing speedytools/clientside/sound/SoundEffectNames.java
processing speedytools/clientside/sound/SoundEffectSimple.java
processing speedytools/clientside/tools/ActiveTool.java
processing speedytools/clientside/tools/CommonSelectionState.java
processing speedytools/clientside/tools/SelectionPacketSender.java
processing speedytools/clientside/tools/SpeedyTool.java
processing speedytools/clientside/tools/SpeedyToolBoundary.java
processing speedytools/clientside/tools/SpeedyToolComplex.java
processing speedytools/clientside/tools/SpeedyToolComplexBase.java
processing speedytools/clientside/tools/SpeedyToolComplexCopy.java
processing speedytools/clientside/tools/SpeedyToolComplexDelete.java
processing speedytools/clientside/tools/SpeedyToolComplexMove.java
processing speedytools/clientside/tools/SpeedyToolComplexOrb.java
processing speedytools/clientside/tools/SpeedyToolComplexSceptre.java
processing speedytools/clientside/tools/SpeedyToolOrb.java
processing speedytools/clientside/tools/SpeedyToolSceptre.java
processing speedytools/clientside/tools/SpeedyToolSimple.java
processing speedytools/clientside/tools/SpeedyToolSimpleAndComplex.java
processing speedytools/clientside/tools/SpeedyToolTester.java
processing speedytools/clientside/tools/SpeedyToolWandStrong.java
processing speedytools/clientside/tools/SpeedyToolWandWeak.java
processing speedytools/clientside/userinput/InputEventHandler.java
processing speedytools/clientside/userinput/KeyBindingInterceptor.java
processing speedytools/clientside/userinput/PowerUpEffect.java
processing speedytools/clientside/userinput/SpeedyToolControls.java
processing speedytools/clientside/userinput/UserInput.java
processing speedytools/common/CommonProxy.java
processing speedytools/common/SpeedyToolsOptions.java
processing speedytools/common/blocks/BlockSelectionFog.java
processing speedytools/common/blocks/BlockSelectionSolidFog.java
processing speedytools/common/blocks/BlockSimple.java
processing speedytools/common/blocks/BlockWithMetadata.java
processing speedytools/common/blocks/RegistryForBlocks.java
processing speedytools/common/items/ItemBoundaryModels.java
processing speedytools/common/items/ItemComplexBase.java
processing speedytools/common/items/ItemComplexCopy.java
processing speedytools/common/items/ItemComplexDelete.java
processing speedytools/common/items/ItemComplexMove.java
processing speedytools/common/items/ItemComplexOrb.java
processing speedytools/common/items/ItemSpeedyBoundary.java
processing speedytools/common/items/ItemSpeedyOrb.java
processing speedytools/common/items/ItemSpeedySceptre.java
processing speedytools/common/items/ItemSpeedyTester.java
processing speedytools/common/items/ItemSpeedyTool.java
processing speedytools/common/items/ItemSpeedyWandStrong.java
processing speedytools/common/items/ItemSpeedyWandWeak.java
processing speedytools/common/items/RegistryForItems.java
processing speedytools/common/network/ClientStatus.java
processing speedytools/common/network/NetworkTrafficMonitor.java
processing speedytools/common/network/Packet250Base.java
processing speedytools/common/network/Packet250CloneToolAcknowledge.java
processing speedytools/common/network/Packet250CloneToolStatus.java
processing speedytools/common/network/Packet250CloneToolUse.java
processing speedytools/common/network/Packet250ServerSelectionGeneration.java
processing speedytools/common/network/Packet250SpeedyIngameTester.java
processing speedytools/common/network/Packet250SpeedyToolUse.java
processing speedytools/common/network/Packet250Types.java
processing speedytools/common/network/PacketHandlerRegistry.java
processing speedytools/common/network/PacketSender.java
processing speedytools/common/network/ServerStatus.java
processing speedytools/common/network/multipart/MultipartOneAtATimeReceiver.java
processing speedytools/common/network/multipart/MultipartOneAtATimeSender.java
processing speedytools/common/network/multipart/MultipartPacket.java
processing speedytools/common/network/multipart/Packet250MultipartSegment.java
processing speedytools/common/network/multipart/Packet250MultipartSegmentAcknowledge.java
processing speedytools/common/network/multipart/SelectionPacket.java
processing speedytools/common/selections/BlockVoxelMultiSelector.java
processing speedytools/common/selections/FillAlgorithmSettings.java
processing speedytools/common/selections/FillMatcher.java
processing speedytools/common/selections/IVoxelIterator.java
processing speedytools/common/selections/VoxelChunkwiseContourIterator.java
processing speedytools/common/selections/VoxelChunkwiseFillIterator.java
processing speedytools/common/selections/VoxelChunkwiseIterator.java
processing speedytools/common/selections/VoxelSelection.java
processing speedytools/common/selections/VoxelSelectionWithOrigin.java
processing speedytools/common/utilities/BlockID.java
processing speedytools/common/utilities/BlockRotateFlipHelper.java
processing speedytools/common/utilities/BlockRotateFlipHelperOLD.java
processing speedytools/common/utilities/Colour.java
processing speedytools/common/utilities/ErrorLog.java
processing speedytools/common/utilities/OpenGLdebugging.java
processing speedytools/common/utilities/Pair.java
processing speedytools/common/utilities/QuadOrientation.java
processing speedytools/common/utilities/ResultWithReason.java
processing speedytools/common/utilities/UsefulConstants.java
processing speedytools/common/utilities/UsefulFunctions.java
processing speedytools/serverside/DedicatedServerProxy.java
processing speedytools/serverside/PlayerTrackerRegistry.java
processing speedytools/serverside/ServerEventHandler.java
processing speedytools/serverside/ServerSide.java
processing speedytools/serverside/ServerTickHandler.java
processing speedytools/serverside/ServerVoxelSelections.java
processing speedytools/serverside/actions/AsynchronousActionBase.java
processing speedytools/serverside/actions/AsynchronousActionCopy.java
processing speedytools/serverside/actions/AsynchronousActionFill.java
processing speedytools/serverside/actions/AsynchronousActionMove.java
processing speedytools/serverside/actions/AsynchronousActionUndo.java
processing speedytools/serverside/actions/SpeedyToolServerActions.java
processing speedytools/serverside/backup/FolderBackup.java
processing speedytools/serverside/backup/MinecraftSaveFolderBackups.java
processing speedytools/serverside/backup/StoredBackups.java
processing speedytools/serverside/ingametester/InGameStatusSimulator.java
processing speedytools/serverside/ingametester/InGameTester.java
processing speedytools/serverside/ingametester/SelectionFillTester.java
processing speedytools/serverside/ingametester/WorldSelectionUndoTest.java
processing speedytools/serverside/network/PacketHandlerRegistryServer.java
processing speedytools/serverside/network/PacketSenderServer.java
processing speedytools/serverside/network/SpeedyToolsNetworkServer.java
processing speedytools/serverside/worldmanipulation/AsynchronousToken.java
processing speedytools/serverside/worldmanipulation/BlockDataStore.java
processing speedytools/serverside/worldmanipulation/BlockDataStoreArray.java
processing speedytools/serverside/worldmanipulation/BlockDataStoreSparse.java
processing speedytools/serverside/worldmanipulation/UniqueTokenID.java
processing speedytools/serverside/worldmanipulation/WorldFragment.java
processing speedytools/serverside/worldmanipulation/WorldHistory.java
processing speedytools/serverside/worldmanipulation/WorldSelectionUndo.java
processing speedytools/serverside/worldmanipulation/WorldServerReader.java
processing speedytools/serverside/worldmanipulation/WorldServerReaderFill.java
